Info : The selected transport took over low-level target control. The results might differ compared to plain JTAG/SWD
Info : clock speed 1000 kHz
Info : STLINK V2J46M31 (API v2) VID:PID 0483:374B
Info : Target voltage: 3.237721
Info : [stm32f3x.cpu] Cortex-M4 r0p1 processor detected
Info : [stm32f3x.cpu] target has 6 breakpoints, 4 watchpoints
Info : starting gdb server for stm32f3x.cpu on 3333
Info : Listening on port 3333 for gdb connections
    TargetName         Type       Endian TapName            State       
--  ------------------ ---------- ------ ------------------ ------------
 0* stm32f3x.cpu       hla_target little stm32f3x.cpu       running

Info : Unable to match requested speed 1000 kHz, using 950 kHz
Info : Unable to match requested speed 1000 kHz, using 950 kHz
[stm32f3x.cpu] halted due to debug-request, current mode: Thread 
xPSR: 0x01000000 pc: 0x08001d18 msp: 0x20001a40
Info : Unable to match requested speed 8000 kHz, using 4000 kHz
Info : Unable to match requested speed 8000 kHz, using 4000 kHz
Info : device id = 0x10036446
Info : flash size = 512 KiB
Warn : Adding extra erase range, 0x080086cc .. 0x080087ff
auto erase enabled
wrote 34508 bytes from file /gsFiles/Projects/stm32/zephyr/satelliteOBC/build/zephyr/zephyr.hex in 1.460909s (23.067 KiB/s)

Info : Unable to match requested speed 1000 kHz, using 950 kHz
Info : Unable to match requested speed 1000 kHz, using 950 kHz
shutdown command invoked
